nohup: ignoring input

[21:57:58] Refreshing…
  Premier League 2020… 9235 shots
  Premier League 2021… 9775 shots
  Premier League 2022… 9644 shots
  Premier League 2023… 10524 shots
  Premier League 2024… 9878 shots
  Premier League 2025… 7183 shots
  La Liga 2020… 8132 shots
  La Liga 2021… 8977 shots
  La Liga 2022… 9374 shots
  La Liga 2023… 9311 shots
  La Liga 2024… 9056 shots
  La Liga 2025… 6524 shots
  Bundesliga 2020… 7590 shots
  Bundesliga 2021… 7949 shots
  Bundesliga 2022… 7815 shots
  Bundesliga 2023… 8506 shots
  Bundesliga 2024… 7944 shots
  Bundesliga 2025… 5696 shots
  Serie A 2020… 9517 shots
  Serie A 2021… 9932 shots
  Serie A 2022… 9675 shots
  Serie A 2023… 9728 shots
  Serie A 2024… 9242 shots
  Serie A 2025… 6756 shots
  Ligue 1 2020… 8921 shots
  Ligue 1 2021… 9132 shots
  Ligue 1 2022… 9345 shots
  Ligue 1 2023… 7827 shots
  Ligue 1 2024… 7647 shots
  Ligue 1 2025… 5303 shots

Total: 256,138 shots | 27,883 goals
  Refresh complete ✓
